2026-05-14 21:46:07 -  - exec CUpdateClientPartner::__CollectRequestData
2026-05-14 21:46:07 -  - exec CUpdateClientPartner::GetHTTPPage
2026-05-14 21:46:09 -  - exec CUpdateClientPartner::ParseServerData
2026-05-14 21:46:09 -  - exec CUpdateClientPartner::GetUpdatesList
2026-05-14 21:46:09 -  - exec CUpdateClientPartner::__CollectRequestData
2026-05-14 21:46:09 -  - utf=Y&lang=ru&stable=Y&CANGZIP=Y&SUPD_DBS=MYSQL&XE=N&CLIENT_SITE=konkurs.loc&LICENSE_KEY=X&SUPD_STS=1&SUPD_URS=0&TYPENC=D&CLIENT_PHPVER=8.4.21&NGINX=Y&dbv=10.6.25&instm=main%2C26.200.0%2CY%3Bvote%2C26.100.0%2CN%3Bsale%2C26.100.0%2CN%3Bui%2C26.150.0%2CN%3Blanding%2C26.300.0%2CN%3Bmobileapp%2C25.0.100%2CN%3Bform%2C26.0.0%2CN%3Bperfmon%2C25.300.0%2CN%3Bcalendar%2C25.170.100%2CN%3Blists%2C26.0.0%2CN%3Bhighloadblock%2C25.100.0%2CN%3Bsecurity%2C26.0.100%2CN%3Btranslate%2C26.0.0%2CN%3Bbitrix.eshop%2C25.0.0%2CN%3Bmail%2C26.100.200%2CN%3Blocation%2C25.400.0%2CN%3Blearning%2C25.0.0%2CN%3Bpull%2C25.300.0%2CN%3Bcatalog%2C25.600.0%2CN%3Babtest%2C26.0.0%2CN%3Bsocialservices%2C26.0.0%2CN%3Bsender%2C26.200.0%2CN%3Bwiki%2C25.0.0%2CN%3Bbizprocdesigner%2C26.0.0%2CN%3Bphotogallery%2C25.100.0%2CN%3Bblog%2C26.400.0%2CN%3Bclouds%2C25.100.0%2CN%3Bsearch%2C25.200.0%2CN%3Bwebservice%2C26.0.0%2CN%3Biblock%2C25.300.0%2CN%3Bforum%2C26.0.100%2CN%3Bsubscribe%2C25.0.0%2CN%3Bidea%2C25.0.0%2CN%3Bsupport%2C26.0.0%2CN%3Bmessageservice%2C26.0.0%2CN%3Bworkflow%2C26.0.0%2CN%3Bconversion%2C25.0.0%2CN%3Badvertising%2C24.200.0%2CN%3Breport%2C26.0.0%2CN%3Bstoreassist%2C24.0.0%2CN%3Bbitrixcloud%2C25.100.0%2CN%3Bstatistic%2C26.0.0%2CN%3Bbitrix.sitecorporate%2C26.0.0%2CN%3Bseo%2C25.200.0%2CN%3Bb24connector%2C25.0.0%2CN%3Bcurrency%2C26.0.0%2CN%3Brest%2C26.200.100%2CN%3Bfileman%2C25.200.200%2CN%3Bbizproc%2C26.400.0%2CN&reqm=bitrix.eshop%2Cbitrix.sitecorporate&fullmoduleinfo=Y&SUPD_SRS=RU&SUPD_CMP=N
2026-05-14 21:46:09 -  - exec CUpdateClientPartner::GetHTTPPage
2026-05-14 21:46:11 -  - TIME GetUpdatesList(request) 1.654 sec
2026-05-14 21:46:11 -  - exec CUpdateClientPartner::ParseServerData
2026-05-14 21:46:11 -  - exec CUpdateClientPartner::__CollectRequestData
2026-05-14 21:46:11 -  - exec CUpdateClientPartner::GetHTTPPage
2026-05-14 21:46:12 -  - exec CUpdateClientPartner::ParseServerData
2026-05-16 17:09:49 -  - exec CUpdateClientPartner::__CollectRequestData
2026-05-16 17:09:49 -  - exec CUpdateClientPartner::GetHTTPPage
2026-05-16 17:09:51 -  - exec CUpdateClientPartner::ParseServerData
2026-05-16 17:09:51 -  - exec CUpdateClientPartner::GetUpdatesList
2026-05-16 17:09:51 -  - exec CUpdateClientPartner::__CollectRequestData
2026-05-16 17:09:51 -  - utf=Y&lang=ru&stable=Y&CANGZIP=Y&SUPD_DBS=MYSQL&XE=N&CLIENT_SITE=konkurs.loc&LICENSE_KEY=X&SUPD_STS=1&SUPD_URS=0&TYPENC=D&CLIENT_PHPVER=8.4.21&NGINX=Y&dbv=10.6.25&instm=main%2C26.250.100%2CY%3Bvote%2C26.100.0%2CN%3Bsale%2C26.100.0%2CN%3Bui%2C26.200.200%2CN%3Blanding%2C26.300.100%2CN%3Bmobileapp%2C25.0.100%2CN%3Bform%2C26.0.0%2CN%3Bperfmon%2C25.300.0%2CN%3Bcalendar%2C25.170.100%2CN%3Blists%2C26.0.0%2CN%3Bhighloadblock%2C25.100.0%2CN%3Bsecurity%2C26.0.100%2CN%3Btranslate%2C26.0.0%2CN%3Bbitrix.eshop%2C25.0.0%2CN%3Bmail%2C26.200.100%2CN%3Blocation%2C26.0.0%2CN%3Blearning%2C25.0.0%2CN%3Bpull%2C25.300.0%2CN%3Bcatalog%2C25.600.0%2CN%3Babtest%2C26.0.0%2CN%3Bsocialservices%2C26.0.0%2CN%3Bsender%2C26.200.0%2CN%3Bwiki%2C25.0.0%2CN%3Bbizprocdesigner%2C26.100.0%2CN%3Bphotogallery%2C25.100.0%2CN%3Bblog%2C26.400.0%2CN%3Bclouds%2C25.100.0%2CN%3Bsearch%2C25.200.0%2CN%3Bwebservice%2C26.0.0%2CN%3Biblock%2C25.300.0%2CN%3Bforum%2C26.0.100%2CN%3Bsubscribe%2C25.0.0%2CN%3Bidea%2C25.0.0%2CN%3Bsupport%2C26.0.0%2CN%3Bmessageservice%2C26.0.0%2CN%3Bworkflow%2C26.0.0%2CN%3Bconversion%2C25.0.0%2CN%3Badvertising%2C24.200.0%2CN%3Breport%2C26.0.0%2CN%3Bstoreassist%2C24.0.0%2CN%3Bbitrixcloud%2C25.100.0%2CN%3Bstatistic%2C26.0.0%2CN%3Bbitrix.sitecorporate%2C26.0.0%2CN%3Bseo%2C25.200.0%2CN%3Bb24connector%2C25.0.0%2CN%3Bcurrency%2C26.0.0%2CN%3Brest%2C26.200.100%2CN%3Bfileman%2C25.200.200%2CN%3Bbizproc%2C26.550.300%2CN&reqm=bitrix.eshop%2Cbitrix.sitecorporate&fullmoduleinfo=Y&SUPD_SRS=RU&SUPD_CMP=N
2026-05-16 17:09:51 -  - exec CUpdateClientPartner::GetHTTPPage
2026-05-16 17:09:52 -  - TIME GetUpdatesList(request) 1.585 sec
2026-05-16 17:09:52 -  - exec CUpdateClientPartner::ParseServerData
2026-05-16 17:09:52 -  - exec CUpdateClientPartner::__CollectRequestData
2026-05-16 17:09:52 -  - exec CUpdateClientPartner::GetHTTPPage
2026-05-16 17:09:54 -  - exec CUpdateClientPartner::ParseServerData
